C51 COMPILER V9.01   FLASH                                                                 07/19/2015 09:56:25 PAGE 1   


C51 COMPILER V9.01, COMPILATION OF MODULE FLASH
OBJECT MODULE PLACED IN flash.OBJ
COMPILER INVOKED BY: C:\Keil\C51\BIN\C51.EXE flash.c BROWSE DEBUG OBJECTEXTEND

line level    source

   1          #include "Flash.h"
   2          #include "c8051F340.h"
   3          
   4          
   5          //void FLASH_ByteWrite(unsigned int addr, char byte);
   6          //unsigned char FLASH_ByteRead(unsigned int addr);
   7          //void FLASH_PageErase(unsigned int addr);
   8          
   9          void FLASH_ByteWrite(unsigned int addr, char byte)
  10          {
  11   1              bit EA_SAVE = EA;
  12   1              char xdata *data pwrite;        //FLASH write pointer
  13   1              
  14   1              EA = 0;
  15   1              
  16   1              VDM0CN = 0x80;  //Enable VDD monitor
  17   1              
  18   1              RSTSRC = 0x02;  //Enable VDD monitor as a reset source
  19   1              
  20   1              pwrite = (char xdata *)addr;
  21   1              
  22   1              FLKEY = 0xA5;
  23   1              FLKEY = 0xF1;
  24   1              PSCTL |= 0x01;  //PSWE = 1;
  25   1              
  26   1              VDM0CN = 0x80;
  27   1              
  28   1              RSTSRC = 0x02;
  29   1              
  30   1              *pwrite = byte;
  31   1              
  32   1              PSCTL &= ~0x01;
  33   1              
  34   1              EA = EA_SAVE;
  35   1      }
  36          
  37          void FLASH_StringWrite(unsigned int addr, char *str, char len)
  38          {
  39   1              unsigned int addroffset = addr;
  40   1              unsigned char i = 0;
  41   1      
  42   1              for(i = 0; i < len; i++)
  43   1              {
  44   2                      FLASH_ByteWrite(addroffset,*(str + i));
  45   2                      addroffset++;
  46   2              }
  47   1      }
  48          
  49          unsigned char FLASH_ByteRead(unsigned int addr)
  50          {
  51   1              bit EA_SAVE = EA;
  52   1              char code *data pread;
  53   1              unsigned char byte;
  54   1              
  55   1              EA = 0;
C51 COMPILER V9.01   FLASH                                                                 07/19/2015 09:56:25 PAGE 2   

  56   1              
  57   1              pread = (char code *)addr;
  58   1              
  59   1              byte = *pread;
  60   1              
  61   1              EA = EA_SAVE;
  62   1              
  63   1              return byte;
  64   1      }
  65          
  66          void FLASH_PageErase(unsigned int addr)
  67          {
  68   1              bit EA_SAVE = EA;
  69   1              char xdata *data pwrite;
  70   1              
  71   1              EA = 0;
  72   1              
  73   1              VDM0CN = 0x80;
  74   1              
  75   1              RSTSRC = 0x02;
  76   1              
  77   1              pwrite = (char xdata *)addr;
  78   1              
  79   1              FLKEY = 0xA5;
  80   1              FLKEY = 0xF1;
  81   1              PSCTL |= 0x03;
  82   1              
  83   1              VDM0CN = 0x80;
  84   1              
  85   1              RSTSRC = 0x02;
  86   1              *pwrite = 0;
  87   1              
  88   1              PSCTL &= ~0x03;
  89   1              
  90   1              EA= EA_SAVE;
  91   1      }
  92          


MODULE INFORMATION:   STATIC OVERLAYABLE
   CODE SIZE        =    171    ----
   CONSTANT SIZE    =   ----    ----
   XDATA SIZE       =   ----    ----
   PDATA SIZE       =   ----    ----
   DATA SIZE        =   ----       9
   IDATA SIZE       =   ----    ----
   BIT SIZE         =   ----       3
END OF MODULE INFORMATION.


C51 COMPILATION COMPLETE.  0 WARNING(S),  0 ERROR(S)
