BL51 BANKED LINKER/LOCATER V6.22                                                        07/14/2015  00:34:33  PAGE 1


BL51 BANKED LINKER/LOCATER V6.22, INVOKED BY:
C:\KEIL\C51\BIN\BL51.EXE test.obj, STARTUP.obj TO test RAMSIZE (256)


MEMORY MODEL: SMALL


INPUT MODULES INCLUDED:
  test.obj (TEST)
  STARTUP.obj (?C_STARTUP)
  C:\KEIL\C51\LIB\C51S.LIB (?C_INIT)
  C:\KEIL\C51\LIB\C51S.LIB (?C?COPY)
  C:\KEIL\C51\LIB\C51S.LIB (?C?CLDPTR)
  C:\KEIL\C51\LIB\C51S.LIB (?C?CLDOPTR)
  C:\KEIL\C51\LIB\C51S.LIB (?C?CSTPTR)
  C:\KEIL\C51\LIB\C51S.LIB (?C?CSTOPTR)
  C:\KEIL\C51\LIB\C51S.LIB (?C?UIDIV)
  C:\KEIL\C51\LIB\C51S.LIB (STRCAT)
  C:\KEIL\C51\LIB\C51S.LIB (STRRCHR)
  C:\KEIL\C51\LIB\C51S.LIB (STRSTR)


LINK MAP OF MODULE:  test (TEST)


            TYPE    BASE      LENGTH    RELOCATION   SEGMENT NAME
            -----------------------------------------------------

            * * * * * * *   D A T A   M E M O R Y   * * * * * * *
            REG     0000H     0008H     ABSOLUTE     "REG BANK 0"
                    0008H     0018H                  *** GAP ***
            BIT     0020H.0   0000H.2   UNIT         _BIT_GROUP_
            BIT     0020H.2   0000H.1   UNIT         ?BI?TEST
                    0020H.3   0000H.5                *** GAP ***
            DATA    0021H     003CH     UNIT         _DATA_GROUP_
            DATA    005DH     0023H     UNIT         ?DT?TEST
            IDATA   0080H     0001H     UNIT         ?STACK

            * * * * * * *  X D A T A   M E M O R Y  * * * * * * *
            XDATA   0000H     0065H     UNIT         ?XD?TEST

            * * * * * * *   C O D E   M E M O R Y   * * * * * * *
            CODE    0000H     0003H     ABSOLUTE     
            CODE    0003H     0020H     UNIT         ?PR?INITUART0?TEST
            CODE    0023H     0003H     ABSOLUTE     
            CODE    0026H     01CAH     UNIT         ?PR?_ANALYZEMSG?TEST
            CODE    01F0H     01C5H     UNIT         ?C?LIB_CODE
            CODE    03B5H     0120H     UNIT         ?PR?MAIN?TEST
            CODE    04D5H     00C0H     UNIT         ?PR?_SENDENMESSAGE?TEST
            CODE    0595H     009EH     UNIT         ?CO?TEST
            CODE    0633H     008CH     UNIT         ?C_C51STARTUP
            CODE    06BFH     0082H     UNIT         ?PR?_SIM900A_SEND_CMD?TEST
            CODE    0741H     0082H     UNIT         ?PR?_STRSTR?STRSTR
            CODE    07C3H     005CH     UNIT         ?PR?UART0ISR?TEST
            CODE    081FH     0058H     UNIT         ?PR?_STRCAT?STRCAT
            CODE    0877H     0056H     UNIT         ?PR?_STRRCHR?STRRCHR
            CODE    08CDH     001FH     UNIT         ?PR?INITOSC?TEST
            CODE    08ECH     001EH     UNIT         ?PR?_DELAY_1MS?TEST
BL51 BANKED LINKER/LOCATER V6.22                                                      07/14/2015  00:34:33  PAGE 2


            CODE    090AH     0010H     UNIT         ?PR?RESETBUF?TEST
            CODE    091AH     000AH     UNIT         ?PR?_DELAY?TEST
            CODE    0924H     0008H     UNIT         ?PR?_SEND_BYTE?TEST
            CODE    092CH     0007H     UNIT         ?C_INITSEG



OVERLAY MAP OF MODULE:   test (TEST)


SEGMENT                               BIT_GROUP          DATA_GROUP 
  +--> CALLED SEGMENT              START    LENGTH     START    LENGTH
----------------------------------------------------------------------
?C_C51STARTUP                      -----    -----      -----    -----
  +--> ?PR?MAIN?TEST
  +--> ?C_INITSEG

?PR?MAIN?TEST                      0020H.0  0000H.2    0021H    0005H
  +--> ?PR?INITOSC?TEST
  +--> ?PR?INITUART0?TEST
  +--> ?CO?TEST
  +--> ?PR?_SIM900A_SEND_CMD?TEST
  +--> ?PR?_DELAY_1MS?TEST
  +--> ?PR?_ANALYZEMSG?TEST
  +--> ?PR?_SENDENMESSAGE?TEST
  +--> ?PR?_STRSTR?STRSTR
  +--> ?PR?_DELAY?TEST
  +--> ?PR?_SEND_BYTE?TEST

?PR?INITOSC?TEST                   -----    -----      -----    -----
  +--> ?PR?_DELAY?TEST

?PR?_SIM900A_SEND_CMD?TEST         -----    -----      0048H    0009H
  +--> ?CO?TEST
  +--> ?PR?RESETBUF?TEST
  +--> ?PR?_SEND_BYTE?TEST
  +--> ?PR?_DELAY_1MS?TEST
  +--> ?PR?_STRSTR?STRSTR

?PR?_STRSTR?STRSTR                 -----    -----      0051H    000CH

?PR?_ANALYZEMSG?TEST               -----    -----      0026H    001FH
  +--> ?CO?TEST
  +--> ?PR?_STRCAT?STRCAT
  +--> ?PR?_SIM900A_SEND_CMD?TEST
  +--> ?PR?_STRSTR?STRSTR
  +--> ?PR?_STRRCHR?STRRCHR

?PR?_STRCAT?STRCAT                 -----    -----      0048H    0009H

?PR?_STRRCHR?STRRCHR               -----    -----      0045H    0006H

?PR?_SENDENMESSAGE?TEST            -----    -----      0026H    0022H
  +--> ?CO?TEST
  +--> ?PR?_SIM900A_SEND_CMD?TEST
  +--> ?PR?_STRCAT?STRCAT

BL51 BANKED LINKER/LOCATER V6.22                                                      07/14/2015  00:34:33  PAGE 3




SYMBOL TABLE OF MODULE:  test (TEST)

  VALUE           TYPE          NAME
  ----------------------------------

  -------         MODULE        TEST
  C:0000H         SYMBOL        _ICE_DUMMY_
  C:0026H         PUBLIC        _AnalyzeMsg
  D:00A0H         PUBLIC        P2
  B:00A0H.0       PUBLIC        S2
  C:08ECH         SYMBOL        _delay_1ms
  B:00A0H.1       PUBLIC        S3
  B:00A8H.7       PUBLIC        EA
  B:00A0H.2       PUBLIC        LED2
  B:00A0H.3       PUBLIC        LED3
  C:04D5H         PUBLIC        _SendEnMessage
  B:0020H.2       PUBLIC        uartSending
  D:00A4H         PUBLIC        P0MDOUT
  D:00A6H         PUBLIC        P2MDOUT
  C:05B8H         PUBLIC        AT_CMGF
  C:05B4H         PUBLIC        AT
  B:0098H.4       PUBLIC        REN0
  D:00D9H         PUBLIC        PCA0MD
  D:00E1H         PUBLIC        XBR0
  C:05F7H         PUBLIC        AT_Msg
  C:05D2H         PUBLIC        AT_CNMI
  D:00E2H         PUBLIC        XBR1
  C:05FFH         PUBLIC        AT_CMGR
  C:05C3H         PUBLIC        AT_CSCS
  C:03B5H         PUBLIC        main
  B:0098H.7       PUBLIC        S0MODE
  D:00F1H         PUBLIC        P0MDIN
  D:0089H         PUBLIC        TMOD
  D:00D4H         PUBLIC        P0SKIP
  D:005DH         PUBLIC        mysms
  X:0000H         PUBLIC        BuffIn
  C:07C3H         PUBLIC        Uart0ISR
  D:00A9H         PUBLIC        CLKSEL
  D:00B2H         PUBLIC        OSCICN
  C:0608H         SYMBOL        _?ix1000
  C:0924H         PUBLIC        _send_byte
  C:060BH         SYMBOL        _?ix1001
  C:060EH         SYMBOL        _?ix1002
  C:0624H         SYMBOL        _?ix1003
  D:007DH         PUBLIC        SMCnt
  B:00A8H.4       PUBLIC        ES0
  B:0098H.0       PUBLIC        RI0
  X:0001H         PUBLIC        UART_RX_BUFF
  B:0098H.1       PUBLIC        TI0
  D:008DH         PUBLIC        TH1
  D:00B1H         PUBLIC        OSCXCN
  D:008BH         PUBLIC        TL1
  B:00B8H.4       PUBLIC        PS0
  B:0088H.6       PUBLIC        TR1
  C:05B0H         PUBLIC        ATD
BL51 BANKED LINKER/LOCATER V6.22                                                      07/14/2015  00:34:33  PAGE 4


  D:0099H         PUBLIC        SBUF0
  D:00EFH         PUBLIC        RSTSRC
  C:090AH         PUBLIC        resetbuf
  C:0003H         PUBLIC        InitUart0
  C:06D4H         PUBLIC        _sim900a_send_cmd
  D:008EH         PUBLIC        CKCON
  C:091AH         SYMBOL        _Delay
  C:05E0H         PUBLIC        AT_Phone
  C:08CDH         PUBLIC        InitOSC
  -------         PROC          _DELAY
  D:0006H         SYMBOL        x
  C:091AH         LINE#         62
  C:091AH         LINE#         63
  C:091AH         LINE#         64
  C:0923H         LINE#         65
  -------         ENDPROC       _DELAY
  -------         PROC          _DELAY_1MS
  D:0006H         SYMBOL        z
  -------         DO            
  D:0006H         SYMBOL        x
  D:0004H         SYMBOL        y
  -------         ENDDO         
  C:08ECH         LINE#         67
  C:08ECH         LINE#         68
  C:08ECH         LINE#         70
  C:08F5H         LINE#         71
  C:0909H         LINE#         72
  -------         ENDPROC       _DELAY_1MS
  -------         PROC          RESETBUF
  -------         DO            
  D:0007H         SYMBOL        i
  -------         ENDDO         
  C:090AH         LINE#         74
  C:090AH         LINE#         75
  C:090AH         LINE#         77
  C:090AH         LINE#         78
  C:090AH         LINE#         79
  C:0914H         LINE#         80
  C:0914H         LINE#         81
  C:0919H         LINE#         82
  -------         ENDPROC       RESETBUF
  -------         PROC          INITOSC
  C:08CDH         LINE#         89
  C:08CDH         LINE#         90
  C:08CDH         LINE#         91
  C:08D0H         LINE#         92
  C:08D3H         LINE#         94
  C:08D6H         LINE#         95
  C:08DDH         LINE#         96
  C:08E2H         LINE#         97
  C:08E5H         LINE#         99
  C:08E8H         LINE#         100
  C:08EBH         LINE#         101
  -------         ENDPROC       INITOSC
  -------         PROC          INITUART0
  C:0003H         LINE#         110
  C:0003H         LINE#         111
BL51 BANKED LINKER/LOCATER V6.22                                                      07/14/2015  00:34:33  PAGE 5


  C:0003H         LINE#         112
  C:0003H         LINE#         113
  C:0006H         LINE#         114
  C:0009H         LINE#         115
  C:000CH         LINE#         116
  C:000CH         LINE#         117
  C:000CH         LINE#         118
  C:000CH         LINE#         119
  C:000CH         LINE#         120
  C:000CH         LINE#         121
  C:000CH         LINE#         122
  C:000CH         LINE#         123
  C:000CH         LINE#         124
  C:000CH         LINE#         125
  C:000CH         LINE#         126
  C:000CH         LINE#         127
  C:000CH         LINE#         130
  C:000FH         LINE#         131
  C:0012H         LINE#         132
  C:0014H         LINE#         135
  C:0016H         LINE#         136
  C:0018H         LINE#         137
  C:001AH         LINE#         138
  C:001CH         LINE#         141
  C:001FH         LINE#         142
  C:0022H         LINE#         143
  -------         ENDPROC       INITUART0
  -------         PROC          L?0072
  -------         ENDPROC       L?0072
  -------         PROC          _SIM900A_SEND_CMD
  D:0048H         SYMBOL        cmd
  D:004BH         SYMBOL        ack
  D:004EH         SYMBOL        waittime
  -------         DO            
  D:0050H         SYMBOL        res
  -------         ENDDO         
  C:06D4H         LINE#         145
  C:06DAH         LINE#         146
  C:06DAH         LINE#         147
  C:06DDH         LINE#         149
  C:06E0H         LINE#         151
  C:06ECH         LINE#         152
  C:06ECH         LINE#         153
  C:06EFH         LINE#         154
  C:06FAH         LINE#         155
  C:06FCH         LINE#         156
  C:070AH         LINE#         157
  C:070AH         LINE#         158
  C:0717H         LINE#         159
  C:0717H         LINE#         160
  C:071EH         LINE#         161
  C:0735H         LINE#         162
  C:0735H         LINE#         163
  C:0735H         LINE#         164
  C:0735H         LINE#         166
  C:073BH         LINE#         167
  C:073EH         LINE#         168
BL51 BANKED LINKER/LOCATER V6.22                                                      07/14/2015  00:34:33  PAGE 6


  C:073EH         LINE#         169
  C:0740H         LINE#         170
  -------         ENDPROC       _SIM900A_SEND_CMD
  -------         PROC          _SEND_BYTE
  D:0007H         SYMBOL        byte
  C:0924H         LINE#         177
  C:0924H         LINE#         178
  C:0924H         LINE#         179
  C:0927H         LINE#         180
  C:0929H         LINE#         181
  C:092BH         LINE#         182
  -------         ENDPROC       _SEND_BYTE
  -------         PROC          _SENDENMESSAGE
  D:0026H         SYMBOL        phonenumber
  D:0029H         SYMBOL        pText
  -------         DO            
  D:002CH         SYMBOL        textend
  D:002FH         SYMBOL        pnend
  D:0032H         SYMBOL        at_cmgs
  -------         ENDDO         
  C:04D5H         LINE#         195
  C:04DBH         LINE#         196
  C:04DBH         LINE#         203
  C:04EEH         LINE#         204
  C:0501H         LINE#         206
  C:0514H         LINE#         208
  C:0517H         LINE#         209
  C:052FH         LINE#         211
  C:0541H         LINE#         212
  C:0553H         LINE#         213
  C:056BH         LINE#         215
  C:057DH         LINE#         216
  -------         ENDPROC       _SENDENMESSAGE
  -------         PROC          _ANALYZEMSG
  D:0026H         SYMBOL        index
  D:0027H         SYMBOL        mode
  D:0028H         SYMBOL        psms
  -------         DO            
  D:002BH         SYMBOL        at_cmgr
  D:003AH         SYMBOL        len
  D:003EH         SYMBOL        m
  D:0040H         SYMBOL        res
  D:0041H         SYMBOL        i
  D:0042H         SYMBOL        ptr
  -------         ENDDO         
  C:0026H         LINE#         252
  C:0030H         LINE#         253
  C:0030H         LINE#         261
  C:0043H         LINE#         264
  C:0048H         LINE#         267
  C:0071H         LINE#         268
  C:007AH         LINE#         270
  C:008AH         LINE#         271
  C:009CH         LINE#         272
  C:00AEH         LINE#         273
  C:00C0H         LINE#         275
  C:00D8H         LINE#         278
BL51 BANKED LINKER/LOCATER V6.22                                                      07/14/2015  00:34:33  PAGE 7


  C:00D8H         LINE#         279
  C:00D8H         LINE#         280
  C:00EFH         LINE#         281
  C:00EFH         LINE#         282
  C:00EFH         LINE#         283
  C:00EFH         LINE#         284
  C:0106H         LINE#         285
  C:0106H         LINE#         286
  C:0109H         LINE#         287
  C:0109H         LINE#         288
  C:0109H         LINE#         289
  C:0109H         LINE#         291
  C:0112H         LINE#         292
  C:0112H         LINE#         294
  C:012AH         LINE#         295
  C:0143H         LINE#         296
  C:014EH         LINE#         299
  C:0151H         LINE#         300
  C:0151H         LINE#         301
  C:016FH         LINE#         302
  C:0176H         LINE#         303
  C:0186H         LINE#         306
  C:0197H         LINE#         307
  C:01A5H         LINE#         310
  C:01B9H         LINE#         311
  C:01B9H         LINE#         312
  C:01D1H         LINE#         313
  C:01D3H         LINE#         314
  C:01D5H         LINE#         315
  C:01EDH         LINE#         316
  C:01EDH         LINE#         317
  C:01EFH         LINE#         318
  -------         ENDPROC       _ANALYZEMSG
  -------         PROC          MAIN
  -------         DO            
  B:0020H.0       SYMBOL        key2_down_flag
  B:0020H.1       SYMBOL        key3_down_flag
  D:0021H         SYMBOL        i
  D:0022H         SYMBOL        getmsg
  D:0023H         SYMBOL        smflag
  -------         ENDDO         
  C:03B5H         LINE#         320
  C:03B5H         LINE#         321
  C:03B5H         LINE#         322
  C:03B7H         LINE#         323
  C:03B9H         LINE#         324
  C:03BEH         LINE#         325
  C:03C4H         LINE#         332
  C:03C7H         LINE#         333
  C:03C9H         LINE#         336
  C:03CCH         LINE#         337
  C:03CFH         LINE#         339
  C:03D2H         LINE#         340
  C:03D5H         LINE#         341
  C:03D7H         LINE#         344
  C:03EFH         LINE#         345
  C:03F2H         LINE#         346
BL51 BANKED LINKER/LOCATER V6.22                                                      07/14/2015  00:34:33  PAGE 8


  C:040AH         LINE#         347
  C:0411H         LINE#         352
  C:041EH         LINE#         353
  C:0430H         LINE#         354
  C:0430H         LINE#         355
  C:0430H         LINE#         360
  C:0434H         LINE#         361
  C:0434H         LINE#         362
  C:044CH         LINE#         363
  C:0453H         LINE#         364
  C:0461H         LINE#         365
  C:0469H         LINE#         366
  C:046CH         LINE#         368
  C:046CH         LINE#         369
  C:0472H         LINE#         370
  C:0472H         LINE#         371
  C:0475H         LINE#         373
  C:047AH         LINE#         374
  C:0481H         LINE#         375
  C:0481H         LINE#         378
  C:0484H         LINE#         379
  C:0484H         LINE#         380
  C:048BH         LINE#         381
  C:048EH         LINE#         382
  C:048EH         LINE#         383
  C:0491H         LINE#         384
  C:0491H         LINE#         385
  C:0496H         LINE#         386
  C:0498H         LINE#         387
  C:0498H         LINE#         388
  C:0498H         LINE#         389
  C:049AH         LINE#         391
  C:049AH         LINE#         392
  C:049CH         LINE#         393
  C:049CH         LINE#         396
  C:049FH         LINE#         397
  C:049FH         LINE#         398
  C:04A6H         LINE#         399
  C:04A9H         LINE#         400
  C:04A9H         LINE#         401
  C:04ACH         LINE#         402
  C:04ACH         LINE#         403
  C:04AFH         LINE#         404
  C:04AFH         LINE#         405
  C:04BFH         LINE#         406
  C:04C8H         LINE#         407
  C:04CBH         LINE#         408
  C:04CDH         LINE#         409
  C:04CDH         LINE#         410
  C:04CDH         LINE#         411
  C:04D0H         LINE#         413
  C:04D0H         LINE#         414
  C:04D2H         LINE#         415
  C:04D2H         LINE#         416
  -------         ENDPROC       MAIN
  -------         PROC          UART0ISR
  C:07C3H         LINE#         429
BL51 BANKED LINKER/LOCATER V6.22                                                      07/14/2015  00:34:33  PAGE 9


  C:07DAH         LINE#         431
  C:07DDH         LINE#         432
  C:07DDH         LINE#         433
  C:07DFH         LINE#         434
  C:07F0H         LINE#         435
  C:0803H         LINE#         436
  C:0803H         LINE#         437
  C:0806H         LINE#         438
  C:0806H         LINE#         439
  C:0808H         LINE#         440
  C:080AH         LINE#         441
  C:080AH         LINE#         442
  -------         ENDPROC       UART0ISR
  -------         ENDMOD        TEST

  -------         MODULE        ?C_STARTUP
  C:0633H         SEGMENT       ?C_C51STARTUP
  I:0080H         SEGMENT       ?STACK
  C:0000H         PUBLIC        ?C_STARTUP
  D:00E0H         SYMBOL        ACC
  D:00F0H         SYMBOL        B
  D:0083H         SYMBOL        DPH
  D:0082H         SYMBOL        DPL
  N:0000H         SYMBOL        IBPSTACK
  N:0100H         SYMBOL        IBPSTACKTOP
  N:0080H         SYMBOL        IDATALEN
  C:0636H         SYMBOL        IDATALOOP
  N:0000H         SYMBOL        PBPSTACK
  N:0000H         SYMBOL        PBPSTACKTOP
  N:0000H         SYMBOL        PDATALEN
  N:0000H         SYMBOL        PDATASTART
  N:0000H         SYMBOL        PPAGE
  N:0000H         SYMBOL        PPAGEENABLE
  D:00A0H         SYMBOL        PPAGE_SFR
  D:0081H         SYMBOL        SP
  C:0633H         SYMBOL        STARTUP1
  N:0000H         SYMBOL        XBPSTACK
  N:0000H         SYMBOL        XBPSTACKTOP
  N:0000H         SYMBOL        XDATALEN
  N:0000H         SYMBOL        XDATASTART
  C:0000H         LINE#         92
  C:0633H         LINE#         99
  C:0635H         LINE#         100
  C:0636H         LINE#         101
  C:0637H         LINE#         102
  C:0639H         LINE#         151
  C:063CH         LINE#         155
  -------         ENDMOD        ?C_STARTUP

  -------         MODULE        ?C?COPY
  C:02C0H         PUBLIC        ?C?COPY
  -------         ENDMOD        ?C?COPY

  -------         MODULE        ?C?CLDPTR
  C:02E6H         PUBLIC        ?C?CLDPTR
  -------         ENDMOD        ?C?CLDPTR

BL51 BANKED LINKER/LOCATER V6.22                                                      07/14/2015  00:34:33  PAGE 10


  -------         MODULE        ?C?CLDOPTR
  C:02FFH         PUBLIC        ?C?CLDOPTR
  -------         ENDMOD        ?C?CLDOPTR

  -------         MODULE        ?C?CSTPTR
  C:032CH         PUBLIC        ?C?CSTPTR
  -------         ENDMOD        ?C?CSTPTR

  -------         MODULE        ?C?CSTOPTR
  C:033EH         PUBLIC        ?C?CSTOPTR
  -------         ENDMOD        ?C?CSTOPTR

  -------         MODULE        ?C?UIDIV
  C:0360H         PUBLIC        ?C?UIDIV
  -------         ENDMOD        ?C?UIDIV

  -------         MODULE        STRCAT
  D:0048H         PUBLIC        ?_strcat?BYTE
  C:081FH         PUBLIC        _strcat
  -------         ENDMOD        STRCAT

  -------         MODULE        STRRCHR
  C:0877H         PUBLIC        _strrchr
  -------         ENDMOD        STRRCHR

  -------         MODULE        STRSTR
  D:0051H         PUBLIC        ?_strstr?BYTE
  C:0741H         PUBLIC        _strstr
  -------         ENDMOD        STRSTR

Program Size: data=104.3 xdata=101 code=2355
LINK/LOCATE RUN COMPLETE.  0 WARNING(S),  0 ERROR(S)
