BL51 BANKED LINKER/LOCATER V6.22                                                        07/19/2015  09:56:25  PAGE 1


BL51 BANKED LINKER/LOCATER V6.22, INVOKED BY:
C:\KEIL\C51\BIN\BL51.EXE test.obj, STARTUP.obj, flash.obj TO test RAMSIZE (256)


MEMORY MODEL: SMALL


INPUT MODULES INCLUDED:
  test.obj (TEST)
  STARTUP.obj (?C_STARTUP)
  flash.obj (FLASH)
  C:\KEIL\C51\LIB\C51S.LIB (?C_INIT)
  C:\KEIL\C51\LIB\C51S.LIB (?C?COPY)
  C:\KEIL\C51\LIB\C51S.LIB (?C?CLDPTR)
  C:\KEIL\C51\LIB\C51S.LIB (?C?CLDOPTR)
  C:\KEIL\C51\LIB\C51S.LIB (?C?CSTPTR)
  C:\KEIL\C51\LIB\C51S.LIB (?C?CSTOPTR)
  C:\KEIL\C51\LIB\C51S.LIB (?C?UIDIV)
  C:\KEIL\C51\LIB\C51S.LIB (STRCAT)
  C:\KEIL\C51\LIB\C51S.LIB (?C?STRCMP)
  C:\KEIL\C51\LIB\C51S.LIB (STRRCHR)
  C:\KEIL\C51\LIB\C51S.LIB (STRSTR)
  C:\KEIL\C51\LIB\C51S.LIB (ATOI)
  C:\KEIL\C51\LIB\C51S.LIB (?C?IMUL)
  C:\KEIL\C51\LIB\C51S.LIB (ISDIGIT)
  C:\KEIL\C51\LIB\C51S.LIB (ISSPACE)


LINK MAP OF MODULE:  test (TEST)


            TYPE    BASE      LENGTH    RELOCATION   SEGMENT NAME
            -----------------------------------------------------

            * * * * * * *   D A T A   M E M O R Y   * * * * * * *
            REG     0000H     0008H     ABSOLUTE     "REG BANK 0"
                    0008H     0018H                  *** GAP ***
            BIT     0020H.0   0000H.3   UNIT         _BIT_GROUP_
            BIT     0020H.3   0000H.1   UNIT         ?BI?TEST
                    0020H.4   0000H.4                *** GAP ***
            DATA    0021H     003BH     UNIT         _DATA_GROUP_
            IDATA   005CH     0001H     UNIT         ?STACK

            * * * * * * *  X D A T A   M E M O R Y  * * * * * * *
            XDATA   0000H     0098H     UNIT         ?XD?TEST
            XDATA   0098H     000CH     UNIT         _XDATA_GROUP_

            * * * * * * *   C O D E   M E M O R Y   * * * * * * *
            CODE    0000H     0003H     ABSOLUTE     
            CODE    0003H     0020H     UNIT         ?PR?INITUART0?TEST
            CODE    0023H     0003H     ABSOLUTE     
            CODE    0026H     0372H     UNIT         ?C?LIB_CODE
            CODE    0398H     01E3H     UNIT         ?PR?MAIN?TEST
            CODE    057BH     01CAH     UNIT         ?PR?_ANALYZEMSG?TEST
            CODE    0745H     00DCH     UNIT         ?PR?_SENDENMESSAGE?TEST
            CODE    0821H     00B6H     UNIT         ?CO?TEST
            CODE    08D7H     00B2H     UNIT         ?PR?_SIM900A_SEND_CMD?TEST
            CODE    0989H     00AEH     UNIT         ?PR?_ATOI?ATOI
BL51 BANKED LINKER/LOCATER V6.22                                                      07/19/2015  09:56:25  PAGE 2


            CODE    0A37H     008CH     UNIT         ?C_C51STARTUP
            CODE    0AC3H     0082H     UNIT         ?PR?_STRSTR?STRSTR
            CODE    0B45H     005CH     UNIT         ?PR?UART0ISR?TEST
            CODE    0BA1H     0058H     UNIT         ?PR?_STRCAT?STRCAT
            CODE    0BF9H     0056H     UNIT         ?PR?_STRRCHR?STRRCHR
            CODE    0C4FH     0047H     UNIT         ?PR?_FLASH_STRINGWRITE?FLASH
            CODE    0C96H     0040H     UNIT         ?PR?_CHECKPN_MSG?TEST
            CODE    0CD6H     0029H     UNIT         ?PR?_FLASH_BYTEWRITE?FLASH
            CODE    0CFFH     0029H     UNIT         ?PR?_FLASH_PAGEERASE?FLASH
            CODE    0D28H     001EH     UNIT         ?PR?_DELAY_1MS?TEST
            CODE    0D46H     0013H     UNIT         ?PR?_ISSPACE?ISSPACE
            CODE    0D59H     0012H     UNIT         ?PR?_FLASH_BYTEREAD?FLASH
            CODE    0D6BH     0011H     UNIT         ?C_INITSEG
            CODE    0D7CH     0010H     UNIT         ?PR?RESETBUF?TEST
            CODE    0D8CH     000FH     UNIT         ?PR?_ISDIGIT?ISDIGIT
            CODE    0D9BH     000AH     UNIT         ?PR?_DELAY?TEST
            CODE    0DA5H     0008H     UNIT         ?PR?_SEND_BYTE?TEST
            CODE    0DADH     0007H     UNIT         ?PR?INITOSC?TEST



OVERLAY MAP OF MODULE:   test (TEST)


SEGMENT                                 BIT_GROUP          DATA_GROUP          XDATA_GROUP
  +--> CALLED SEGMENT                START    LENGTH     START    LENGTH     START    LENGTH
--------------------------------------------------------------------------------------------
?C_C51STARTUP                        -----    -----      -----    -----      -----    -----
  +--> ?PR?MAIN?TEST
  +--> ?C_INITSEG

?PR?MAIN?TEST                        0020H.0  0000H.2    0021H    0004H      0098H    000CH
  +--> ?CO?TEST
  +--> ?PR?INITOSC?TEST
  +--> ?PR?INITUART0?TEST
  +--> ?PR?_SIM900A_SEND_CMD?TEST
  +--> ?PR?_DELAY_1MS?TEST
  +--> ?PR?_STRSTR?STRSTR
  +--> ?PR?_ATOI?ATOI
  +--> ?PR?_ANALYZEMSG?TEST
  +--> ?PR?_CHECKPN_MSG?TEST
  +--> ?PR?_FLASH_PAGEERASE?FLASH
  +--> ?PR?_FLASH_STRINGWRITE?FLASH
  +--> ?PR?_FLASH_BYTEREAD?FLASH
  +--> ?PR?_SENDENMESSAGE?TEST
  +--> ?PR?RESETBUF?TEST
  +--> ?PR?_DELAY?TEST
  +--> ?PR?_SEND_BYTE?TEST

?PR?_SIM900A_SEND_CMD?TEST           -----    -----      0047H    0009H      -----    -----
  +--> ?CO?TEST
  +--> ?PR?RESETBUF?TEST
  +--> ?PR?_SEND_BYTE?TEST
  +--> ?PR?_DELAY_1MS?TEST
  +--> ?PR?_STRSTR?STRSTR

?PR?_STRSTR?STRSTR                   -----    -----      0050H    000CH      -----    -----
BL51 BANKED LINKER/LOCATER V6.22                                                      07/19/2015  09:56:25  PAGE 3



?PR?_ATOI?ATOI                       0020H.2  0000H.1    0025H    0005H      -----    -----
  +--> ?PR?_ISSPACE?ISSPACE
  +--> ?PR?_ISDIGIT?ISDIGIT

?PR?_ANALYZEMSG?TEST                 -----    -----      0025H    001FH      -----    -----
  +--> ?CO?TEST
  +--> ?PR?_STRCAT?STRCAT
  +--> ?PR?_SIM900A_SEND_CMD?TEST
  +--> ?PR?_STRSTR?STRSTR
  +--> ?PR?_STRRCHR?STRRCHR

?PR?_STRCAT?STRCAT                   -----    -----      0047H    0009H      -----    -----

?PR?_STRRCHR?STRRCHR                 -----    -----      0044H    0006H      -----    -----

?PR?_CHECKPN_MSG?TEST                -----    -----      0025H    0005H      -----    -----

?PR?_FLASH_PAGEERASE?FLASH           0020H.2  0000H.1    -----    -----      -----    -----

?PR?_FLASH_STRINGWRITE?FLASH         -----    -----      0025H    0009H      -----    -----
  +--> ?PR?_FLASH_BYTEWRITE?FLASH

?PR?_FLASH_BYTEWRITE?FLASH           0020H.2  0000H.1    -----    -----      -----    -----

?PR?_FLASH_BYTEREAD?FLASH            0020H.2  0000H.1    -----    -----      -----    -----

?PR?_SENDENMESSAGE?TEST              -----    -----      0025H    0022H      -----    -----
  +--> ?CO?TEST
  +--> ?PR?_SIM900A_SEND_CMD?TEST
  +--> ?PR?_STRCAT?STRCAT

?C_INITSEG                           -----    -----      -----    -----      -----    -----
  +--> ?CO?TEST



SYMBOL TABLE OF MODULE:  test (TEST)

  VALUE           TYPE          NAME
  ----------------------------------

  -------         MODULE        TEST
  C:0000H         SYMBOL        _ICE_DUMMY_
  C:057BH         PUBLIC        _AnalyzeMsg
  D:00A0H         PUBLIC        P2
  B:00A0H.0       PUBLIC        S2
  C:0D28H         SYMBOL        _delay_1ms
  B:00A0H.1       PUBLIC        S3
  B:00A8H.7       PUBLIC        EA
  B:00A0H.2       PUBLIC        LED2
  C:0761H         PUBLIC        _SendEnMessage
  B:0020H.3       PUBLIC        uartSending
  D:00A4H         PUBLIC        P0MDOUT
  D:00A6H         PUBLIC        P2MDOUT
  X:0000H         PUBLIC        MainStatus
  X:0001H         PUBLIC        FlashPN
BL51 BANKED LINKER/LOCATER V6.22                                                      07/19/2015  09:56:25  PAGE 4


  C:0844H         PUBLIC        AT_CMGF
  C:0840H         PUBLIC        AT
  B:0098H.4       PUBLIC        REN0
  D:00D9H         PUBLIC        PCA0MD
  C:0894H         PUBLIC        PhoneNumber1
  D:00E1H         PUBLIC        XBR0
  C:0883H         PUBLIC        AT_Msg
  C:085EH         PUBLIC        AT_CNMI
  D:00E2H         PUBLIC        XBR1
  C:088BH         PUBLIC        AT_CMGR
  C:084FH         PUBLIC        AT_CSCS
  C:0398H         PUBLIC        main
  B:0098H.7       PUBLIC        S0MODE
  D:0089H         PUBLIC        TMOD
  X:000DH         PUBLIC        mysms
  X:002DH         PUBLIC        PNList
  X:0030H         PUBLIC        BuffIn
  C:0B45H         PUBLIC        Uart0ISR
  D:00B2H         PUBLIC        OSCICN
  C:08A0H         SYMBOL        _?ix1000
  C:0DA5H         PUBLIC        _send_byte
  C:08A3H         SYMBOL        _?ix1001
  C:08A6H         SYMBOL        _?ix1002
  C:08BCH         SYMBOL        _?ix1003
  C:08CBH         SYMBOL        _?ix1004
  X:0031H         PUBLIC        SMCnt
  C:0C96H         PUBLIC        _CheckPN_MSG
  B:00A8H.4       PUBLIC        ES0
  B:0098H.0       PUBLIC        RI0
  X:0034H         PUBLIC        UART_RX_BUFF
  B:0098H.1       PUBLIC        TI0
  D:008DH         PUBLIC        TH1
  D:008BH         PUBLIC        TL1
  B:00B8H.4       PUBLIC        PS0
  B:0088H.6       PUBLIC        TR1
  C:083CH         PUBLIC        ATD
  D:0099H         PUBLIC        SBUF0
  D:00EFH         PUBLIC        RSTSRC
  C:0D7CH         PUBLIC        resetbuf
  C:0003H         PUBLIC        InitUart0
  C:08ECH         PUBLIC        _sim900a_send_cmd
  D:008EH         PUBLIC        CKCON
  C:0D9BH         SYMBOL        _Delay
  C:086CH         PUBLIC        AT_Phone
  C:0DADH         PUBLIC        InitOSC
  -------         PROC          _DELAY
  D:0006H         SYMBOL        x
  C:0D9BH         LINE#         84
  C:0D9BH         LINE#         85
  C:0D9BH         LINE#         86
  C:0DA4H         LINE#         87
  -------         ENDPROC       _DELAY
  -------         PROC          _DELAY_1MS
  D:0006H         SYMBOL        z
  -------         DO            
  D:0006H         SYMBOL        x
  D:0004H         SYMBOL        y
BL51 BANKED LINKER/LOCATER V6.22                                                      07/19/2015  09:56:25  PAGE 5


  -------         ENDDO         
  C:0D28H         LINE#         89
  C:0D28H         LINE#         90
  C:0D28H         LINE#         92
  C:0D31H         LINE#         93
  C:0D45H         LINE#         94
  -------         ENDPROC       _DELAY_1MS
  -------         PROC          RESETBUF
  -------         DO            
  D:0007H         SYMBOL        i
  -------         ENDDO         
  C:0D7CH         LINE#         96
  C:0D7CH         LINE#         97
  C:0D7CH         LINE#         99
  C:0D7CH         LINE#         100
  C:0D7CH         LINE#         101
  C:0D86H         LINE#         102
  C:0D86H         LINE#         103
  C:0D8BH         LINE#         104
  -------         ENDPROC       RESETBUF
  -------         PROC          INITOSC
  C:0DADH         LINE#         111
  C:0DADH         LINE#         112
  C:0DADH         LINE#         125
  C:0DB0H         LINE#         126
  C:0DB3H         LINE#         127
  -------         ENDPROC       INITOSC
  -------         PROC          INITUART0
  C:0003H         LINE#         136
  C:0003H         LINE#         137
  C:0003H         LINE#         138
  C:0003H         LINE#         139
  C:0006H         LINE#         140
  C:0009H         LINE#         141
  C:000CH         LINE#         142
  C:000CH         LINE#         143
  C:000CH         LINE#         144
  C:000CH         LINE#         145
  C:000CH         LINE#         146
  C:000CH         LINE#         147
  C:000CH         LINE#         148
  C:000CH         LINE#         149
  C:000CH         LINE#         150
  C:000CH         LINE#         151
  C:000CH         LINE#         152
  C:000CH         LINE#         153
  C:000CH         LINE#         156
  C:000FH         LINE#         157
  C:0012H         LINE#         158
  C:0014H         LINE#         161
  C:0016H         LINE#         162
  C:0018H         LINE#         163
  C:001AH         LINE#         164
  C:001CH         LINE#         167
  C:001FH         LINE#         168
  C:0022H         LINE#         169
  -------         ENDPROC       INITUART0
BL51 BANKED LINKER/LOCATER V6.22                                                      07/19/2015  09:56:25  PAGE 6


  -------         PROC          L?0094
  -------         ENDPROC       L?0094
  -------         PROC          _SIM900A_SEND_CMD
  D:0047H         SYMBOL        cmd
  D:004AH         SYMBOL        ack
  D:004DH         SYMBOL        waittime
  -------         DO            
  D:004FH         SYMBOL        res
  D:0007H         SYMBOL        i
  -------         ENDDO         
  C:08ECH         LINE#         183
  C:08F2H         LINE#         184
  C:08F2H         LINE#         185
  C:08F5H         LINE#         186
  C:08F6H         LINE#         191
  C:0906H         LINE#         192
  C:0906H         LINE#         193
  C:0907H         LINE#         194
  C:0909H         LINE#         195
  C:091FH         LINE#         196
  C:091FH         LINE#         197
  C:0922H         LINE#         198
  C:0925H         LINE#         199
  C:0925H         LINE#         202
  C:0928H         LINE#         204
  C:0934H         LINE#         205
  C:0934H         LINE#         206
  C:0937H         LINE#         207
  C:0942H         LINE#         208
  C:0944H         LINE#         209
  C:0952H         LINE#         210
  C:0952H         LINE#         211
  C:095FH         LINE#         212
  C:095FH         LINE#         213
  C:0966H         LINE#         214
  C:097DH         LINE#         215
  C:097DH         LINE#         216
  C:097DH         LINE#         217
  C:097DH         LINE#         219
  C:0983H         LINE#         220
  C:0986H         LINE#         221
  C:0986H         LINE#         222
  C:0988H         LINE#         223
  -------         ENDPROC       _SIM900A_SEND_CMD
  -------         PROC          _SEND_BYTE
  D:0007H         SYMBOL        byte
  C:0DA5H         LINE#         230
  C:0DA5H         LINE#         231
  C:0DA5H         LINE#         232
  C:0DA8H         LINE#         233
  C:0DAAH         LINE#         234
  C:0DACH         LINE#         235
  -------         ENDPROC       _SEND_BYTE
  -------         PROC          L?0093
  -------         ENDPROC       L?0093
  -------         PROC          _SENDENMESSAGE
  D:0025H         SYMBOL        phonenumber
BL51 BANKED LINKER/LOCATER V6.22                                                      07/19/2015  09:56:25  PAGE 7


  D:0028H         SYMBOL        pText
  -------         DO            
  D:002BH         SYMBOL        textend
  D:002EH         SYMBOL        pnend
  D:0031H         SYMBOL        at_cmgs
  -------         ENDDO         
  C:0761H         LINE#         248
  C:0767H         LINE#         249
  C:0767H         LINE#         256
  C:077AH         LINE#         257
  C:078DH         LINE#         259
  C:07A0H         LINE#         261
  C:07A3H         LINE#         262
  C:07BBH         LINE#         264
  C:07CDH         LINE#         265
  C:07DFH         LINE#         266
  C:07F7H         LINE#         268
  C:0809H         LINE#         269
  -------         ENDPROC       _SENDENMESSAGE
  -------         PROC          _ANALYZEMSG
  D:0025H         SYMBOL        index
  D:0026H         SYMBOL        mode
  D:0027H         SYMBOL        psms
  -------         DO            
  D:002AH         SYMBOL        at_cmgr
  D:0039H         SYMBOL        len
  D:003DH         SYMBOL        m
  D:003FH         SYMBOL        res
  D:0040H         SYMBOL        i
  D:0041H         SYMBOL        ptr
  -------         ENDDO         
  C:057BH         LINE#         305
  C:0585H         LINE#         306
  C:0585H         LINE#         314
  C:0598H         LINE#         317
  C:059DH         LINE#         320
  C:05C6H         LINE#         321
  C:05CFH         LINE#         323
  C:05DFH         LINE#         324
  C:05F1H         LINE#         325
  C:0603H         LINE#         326
  C:0615H         LINE#         328
  C:062DH         LINE#         331
  C:062DH         LINE#         332
  C:062DH         LINE#         333
  C:0644H         LINE#         334
  C:0644H         LINE#         335
  C:0644H         LINE#         336
  C:0644H         LINE#         337
  C:065BH         LINE#         338
  C:065BH         LINE#         339
  C:065EH         LINE#         340
  C:065EH         LINE#         341
  C:065EH         LINE#         342
  C:065EH         LINE#         344
  C:0667H         LINE#         345
  C:0667H         LINE#         347
BL51 BANKED LINKER/LOCATER V6.22                                                      07/19/2015  09:56:25  PAGE 8


  C:067FH         LINE#         348
  C:0698H         LINE#         349
  C:06A3H         LINE#         352
  C:06A6H         LINE#         353
  C:06A6H         LINE#         354
  C:06C4H         LINE#         355
  C:06CBH         LINE#         356
  C:06DBH         LINE#         359
  C:06ECH         LINE#         360
  C:06FAH         LINE#         363
  C:070EH         LINE#         364
  C:070EH         LINE#         365
  C:0726H         LINE#         366
  C:0728H         LINE#         367
  C:072AH         LINE#         368
  C:0742H         LINE#         369
  C:0742H         LINE#         370
  C:0744H         LINE#         371
  -------         ENDPROC       _ANALYZEMSG
  -------         PROC          _CHECKPN_MSG
  D:0025H         SYMBOL        phonenumber
  -------         DO            
  D:0028H         SYMBOL        res
  D:0029H         SYMBOL        i
  D:0007H         SYMBOL        cmpres
  -------         ENDDO         
  C:0C96H         LINE#         382
  C:0C9CH         LINE#         383
  C:0C9CH         LINE#         384
  C:0C9FH         LINE#         385
  C:0CA1H         LINE#         388
  C:0CA3H         LINE#         389
  C:0CA3H         LINE#         390
  C:0CC3H         LINE#         391
  C:0CC6H         LINE#         392
  C:0CC6H         LINE#         393
  C:0CCDH         LINE#         395
  C:0CD0H         LINE#         396
  C:0CD0H         LINE#         397
  C:0CD3H         LINE#         398
  C:0CD3H         LINE#         400
  C:0CD5H         LINE#         401
  -------         ENDPROC       _CHECKPN_MSG
  -------         PROC          MAIN
  -------         DO            
  B:0020H.0       SYMBOL        key2_down_flag
  B:0020H.1       SYMBOL        key3_down_flag
  D:0021H         SYMBOL        i
  D:0007H         SYMBOL        tmpres
  D:0022H         SYMBOL        smflag
  X:0098H         SYMBOL        array
  -------         ENDDO         
  C:0398H         LINE#         402
  C:0398H         LINE#         403
  C:0398H         LINE#         404
  C:039AH         LINE#         405
  C:039CH         LINE#         406
BL51 BANKED LINKER/LOCATER V6.22                                                      07/19/2015  09:56:25  PAGE 9


  C:039FH         LINE#         407
  C:03A5H         LINE#         408
  C:03B7H         LINE#         415
  C:03BAH         LINE#         416
  C:03BCH         LINE#         419
  C:03BFH         LINE#         420
  C:03C2H         LINE#         422
  C:03C5H         LINE#         423
  C:03C8H         LINE#         424
  C:03CAH         LINE#         427
  C:03E2H         LINE#         428
  C:03E5H         LINE#         429
  C:03FDH         LINE#         430
  C:0404H         LINE#         436
  C:0404H         LINE#         437
  C:0404H         LINE#         439
  C:041BH         LINE#         440
  C:041BH         LINE#         441
  C:041BH         LINE#         442
  C:0433H         LINE#         443
  C:043AH         LINE#         444
  C:0445H         LINE#         445
  C:0445H         LINE#         446
  C:044BH         LINE#         447
  C:044BH         LINE#         448
  C:044EH         LINE#         449
  C:044EH         LINE#         450
  C:045EH         LINE#         451
  C:0468H         LINE#         452
  C:046BH         LINE#         453
  C:047FH         LINE#         454
  C:0485H         LINE#         455
  C:0488H         LINE#         456
  C:0488H         LINE#         457
  C:0491H         LINE#         459
  C:0494H         LINE#         460
  C:0494H         LINE#         462
  C:049AH         LINE#         463
  C:04AAH         LINE#         464
  C:04ACH         LINE#         466
  C:04ACH         LINE#         467
  C:04C3H         LINE#         468
  C:04C3H         LINE#         470
  C:04C9H         LINE#         471
  C:04CBH         LINE#         472
  C:04CBH         LINE#         474
  C:04CEH         LINE#         475
  C:04CEH         LINE#         476
  C:04E6H         LINE#         477
  C:04EFH         LINE#         478
  C:04EFH         LINE#         479
  C:04F2H         LINE#         480
  C:04F7H         LINE#         481
  C:04FAH         LINE#         482
  C:04FAH         LINE#         483
  C:04FAH         LINE#         484
  C:04FAH         LINE#         485
BL51 BANKED LINKER/LOCATER V6.22                                                      07/19/2015  09:56:25  PAGE 10


  C:04FAH         LINE#         488
  C:04FDH         LINE#         489
  C:04FDH         LINE#         490
  C:0504H         LINE#         491
  C:0507H         LINE#         492
  C:0507H         LINE#         493
  C:050AH         LINE#         494
  C:050AH         LINE#         495
  C:050FH         LINE#         497
  C:0512H         LINE#         498
  C:0512H         LINE#         499
  C:052AH         LINE#         500
  C:0533H         LINE#         501
  C:0533H         LINE#         502
  C:0536H         LINE#         504
  C:0538H         LINE#         505
  C:0538H         LINE#         506
  C:0538H         LINE#         507
  C:053AH         LINE#         509
  C:053AH         LINE#         510
  C:053CH         LINE#         511
  C:053CH         LINE#         514
  C:053FH         LINE#         515
  C:053FH         LINE#         516
  C:0546H         LINE#         517
  C:054CH         LINE#         518
  C:054CH         LINE#         519
  C:0552H         LINE#         520
  C:0552H         LINE#         521
  C:0555H         LINE#         522
  C:0555H         LINE#         523
  C:0565H         LINE#         524
  C:056EH         LINE#         525
  C:0571H         LINE#         526
  C:0573H         LINE#         527
  C:0573H         LINE#         528
  C:0573H         LINE#         529
  C:0576H         LINE#         531
  C:0576H         LINE#         532
  C:0578H         LINE#         533
  C:0578H         LINE#         534
  -------         ENDPROC       MAIN
  -------         PROC          UART0ISR
  C:0B45H         LINE#         547
  C:0B5CH         LINE#         549
  C:0B5FH         LINE#         550
  C:0B5FH         LINE#         551
  C:0B61H         LINE#         552
  C:0B72H         LINE#         553
  C:0B85H         LINE#         554
  C:0B85H         LINE#         555
  C:0B88H         LINE#         556
  C:0B88H         LINE#         557
  C:0B8AH         LINE#         558
  C:0B8CH         LINE#         559
  C:0B8CH         LINE#         560
  -------         ENDPROC       UART0ISR
BL51 BANKED LINKER/LOCATER V6.22                                                      07/19/2015  09:56:25  PAGE 11


  -------         ENDMOD        TEST

  -------         MODULE        ?C_STARTUP
  C:0A37H         SEGMENT       ?C_C51STARTUP
  I:005CH         SEGMENT       ?STACK
  C:0000H         PUBLIC        ?C_STARTUP
  D:00E0H         SYMBOL        ACC
  D:00F0H         SYMBOL        B
  D:0083H         SYMBOL        DPH
  D:0082H         SYMBOL        DPL
  N:0000H         SYMBOL        IBPSTACK
  N:0100H         SYMBOL        IBPSTACKTOP
  N:0080H         SYMBOL        IDATALEN
  C:0A3AH         SYMBOL        IDATALOOP
  N:0000H         SYMBOL        PBPSTACK
  N:0000H         SYMBOL        PBPSTACKTOP
  N:0000H         SYMBOL        PDATALEN
  N:0000H         SYMBOL        PDATASTART
  N:0000H         SYMBOL        PPAGE
  N:0000H         SYMBOL        PPAGEENABLE
  D:00A0H         SYMBOL        PPAGE_SFR
  D:0081H         SYMBOL        SP
  C:0A37H         SYMBOL        STARTUP1
  N:0000H         SYMBOL        XBPSTACK
  N:0000H         SYMBOL        XBPSTACKTOP
  N:0000H         SYMBOL        XDATALEN
  N:0000H         SYMBOL        XDATASTART
  C:0000H         LINE#         92
  C:0A37H         LINE#         99
  C:0A39H         LINE#         100
  C:0A3AH         LINE#         101
  C:0A3BH         LINE#         102
  C:0A3DH         LINE#         151
  C:0A40H         LINE#         155
  -------         ENDMOD        ?C_STARTUP

  -------         MODULE        FLASH
  C:0000H         SYMBOL        _ICE_DUMMY_
  B:00A8H.7       PUBLIC        EA
  D:008FH         PUBLIC        PSCTL
  D:00FFH         PUBLIC        VDM0CN
  C:0CFFH         PUBLIC        _FLASH_PageErase
  C:0C4FH         PUBLIC        _FLASH_StringWrite
  D:00EFH         PUBLIC        RSTSRC
  C:0D59H         PUBLIC        _FLASH_ByteRead
  C:0CD6H         PUBLIC        _FLASH_ByteWrite
  D:00B7H         PUBLIC        FLKEY
  -------         PROC          _FLASH_BYTEWRITE
  D:0006H         SYMBOL        addr
  D:0005H         SYMBOL        byte
  -------         DO            
  B:0020H.2       SYMBOL        EA_SAVE
  D:0082H         SYMBOL        pwrite
  -------         ENDDO         
  C:0CD6H         LINE#         9
  C:0CD6H         LINE#         10
  C:0CD6H         LINE#         11
BL51 BANKED LINKER/LOCATER V6.22                                                      07/19/2015  09:56:25  PAGE 12


  C:0CDAH         LINE#         14
  C:0CDCH         LINE#         16
  C:0CDFH         LINE#         18
  C:0CE2H         LINE#         20
  C:0CE6H         LINE#         22
  C:0CE9H         LINE#         23
  C:0CECH         LINE#         24
  C:0CEFH         LINE#         26
  C:0CF2H         LINE#         28
  C:0CF5H         LINE#         30
  C:0CF7H         LINE#         32
  C:0CFAH         LINE#         34
  C:0CFEH         LINE#         35
  -------         ENDPROC       _FLASH_BYTEWRITE
  -------         PROC          _FLASH_STRINGWRITE
  D:0006H         SYMBOL        addr
  D:0027H         SYMBOL        str
  D:002AH         SYMBOL        len
  -------         DO            
  D:002BH         SYMBOL        addroffset
  D:002DH         SYMBOL        i
  -------         ENDDO         
  C:0C4FH         LINE#         37
  C:0C55H         LINE#         38
  C:0C55H         LINE#         39
  C:0C59H         LINE#         40
  C:0C5CH         LINE#         42
  C:0C72H         LINE#         43
  C:0C72H         LINE#         44
  C:0C89H         LINE#         45
  C:0C91H         LINE#         46
  C:0C95H         LINE#         47
  -------         ENDPROC       _FLASH_STRINGWRITE
  -------         PROC          _FLASH_BYTEREAD
  D:0006H         SYMBOL        addr
  -------         DO            
  B:0020H.2       SYMBOL        EA_SAVE
  D:0082H         SYMBOL        pread
  D:0007H         SYMBOL        byte
  -------         ENDDO         
  C:0D59H         LINE#         49
  C:0D59H         LINE#         50
  C:0D59H         LINE#         51
  C:0D5DH         LINE#         55
  C:0D5FH         LINE#         57
  C:0D63H         LINE#         59
  C:0D66H         LINE#         61
  C:0D6AH         LINE#         63
  C:0D6AH         LINE#         64
  -------         ENDPROC       _FLASH_BYTEREAD
  -------         PROC          _FLASH_PAGEERASE
  D:0006H         SYMBOL        addr
  -------         DO            
  B:0020H.2       SYMBOL        EA_SAVE
  D:0082H         SYMBOL        pwrite
  -------         ENDDO         
  C:0CFFH         LINE#         66
BL51 BANKED LINKER/LOCATER V6.22                                                      07/19/2015  09:56:25  PAGE 13


  C:0CFFH         LINE#         67
  C:0CFFH         LINE#         68
  C:0D03H         LINE#         71
  C:0D05H         LINE#         73
  C:0D08H         LINE#         75
  C:0D0BH         LINE#         77
  C:0D0FH         LINE#         79
  C:0D12H         LINE#         80
  C:0D15H         LINE#         81
  C:0D18H         LINE#         83
  C:0D1BH         LINE#         85
  C:0D1EH         LINE#         86
  C:0D20H         LINE#         88
  C:0D23H         LINE#         90
  C:0D27H         LINE#         91
  -------         ENDPROC       _FLASH_PAGEERASE
  -------         ENDMOD        FLASH

  -------         MODULE        ?C?COPY
  C:00F6H         PUBLIC        ?C?COPY
  -------         ENDMOD        ?C?COPY

  -------         MODULE        ?C?CLDPTR
  C:011CH         PUBLIC        ?C?CLDPTR
  -------         ENDMOD        ?C?CLDPTR

  -------         MODULE        ?C?CLDOPTR
  C:0135H         PUBLIC        ?C?CLDOPTR
  -------         ENDMOD        ?C?CLDOPTR

  -------         MODULE        ?C?CSTPTR
  C:0162H         PUBLIC        ?C?CSTPTR
  -------         ENDMOD        ?C?CSTPTR

  -------         MODULE        ?C?CSTOPTR
  C:0174H         PUBLIC        ?C?CSTOPTR
  -------         ENDMOD        ?C?CSTOPTR

  -------         MODULE        ?C?UIDIV
  C:0196H         PUBLIC        ?C?UIDIV
  -------         ENDMOD        ?C?UIDIV

  -------         MODULE        STRCAT
  D:0047H         PUBLIC        ?_strcat?BYTE
  C:0BA1H         PUBLIC        _strcat
  -------         ENDMOD        STRCAT

  -------         MODULE        ?C?STRCMP
  C:0369H         PUBLIC        ?C?STRCMP
  -------         ENDMOD        ?C?STRCMP

  -------         MODULE        STRRCHR
  C:0BF9H         PUBLIC        _strrchr
  -------         ENDMOD        STRRCHR

  -------         MODULE        STRSTR
  D:0050H         PUBLIC        ?_strstr?BYTE
BL51 BANKED LINKER/LOCATER V6.22                                                      07/19/2015  09:56:25  PAGE 14


  C:0AC3H         PUBLIC        _strstr
  -------         ENDMOD        STRSTR

  -------         MODULE        ATOI
  C:0989H         PUBLIC        _atoi
  -------         ENDMOD        ATOI

  -------         MODULE        ?C?IMUL
  C:0386H         PUBLIC        ?C?IMUL
  -------         ENDMOD        ?C?IMUL

  -------         MODULE        ISDIGIT
  C:0D8CH         PUBLIC        _isdigit
  -------         ENDMOD        ISDIGIT

  -------         MODULE        ISSPACE
  C:0D46H         PUBLIC        _isspace
  -------         ENDMOD        ISSPACE

Program Size: data=68.4 xdata=164 code=3508
LINK/LOCATE RUN COMPLETE.  0 WARNING(S),  0 ERROR(S)
